[2023-07-26T16:59:51.129+0800][0.003s] Using G1
[2023-07-26T16:59:51.131+0800][0.005s] Version: 17.0.7+7-b1000.6 (release)
[2023-07-26T16:59:51.131+0800][0.005s] CPUs: 10 total, 10 available
[2023-07-26T16:59:51.131+0800][0.005s] Memory: 32768M
[2023-07-26T16:59:51.131+0800][0.005s] Large Page Support: Disabled
[2023-07-26T16:59:51.131+0800][0.005s] NUMA Support: Disabled
[2023-07-26T16:59:51.131+0800][0.005s] Compressed Oops: Enabled (Zero based)
[2023-07-26T16:59:51.131+0800][0.005s] Heap Region Size: 1M
[2023-07-26T16:59:51.131+0800][0.005s] Heap Min Capacity: 2G
[2023-07-26T16:59:51.131+0800][0.005s] Heap Initial Capacity: 2G
[2023-07-26T16:59:51.131+0800][0.005s] Heap Max Capacity: 2G
[2023-07-26T16:59:51.131+0800][0.005s] Pre-touch: Disabled
[2023-07-26T16:59:51.131+0800][0.005s] Parallel Workers: 32
[2023-07-26T16:59:51.131+0800][0.005s] Concurrent Workers: 32
[2023-07-26T16:59:51.131+0800][0.005s] Concurrent Refinement Workers: 32
[2023-07-26T16:59:51.131+0800][0.005s] Periodic GC: Disabled
[2023-07-26T16:59:51.131+0800][0.005s] Compressed class space mapped at: 0x0000000300000000-0x0000000340000000, reserved size: 1073741824
[2023-07-26T16:59:51.131+0800][0.005s] Narrow klass base: 0x0000000000000000, Narrow klass shift: 3, Narrow klass range: 0x340000000
[2023-07-26T16:59:51.725+0800][0.600s] GC(0) Pause Young (Concurrent Start) (Metadata GC Threshold)
[2023-07-26T16:59:51.726+0800][0.600s] GC(0) Using 32 workers of 32 for evacuation
[2023-07-26T16:59:51.730+0800][0.605s] GC(0)   Pre Evacuate Collection Set: 0.7ms
[2023-07-26T16:59:51.730+0800][0.605s] GC(0)   Merge Heap Roots: 0.1ms
[2023-07-26T16:59:51.730+0800][0.605s] GC(0)   Evacuate Collection Set: 3.1ms
[2023-07-26T16:59:51.730+0800][0.605s] GC(0)   Post Evacuate Collection Set: 0.5ms
[2023-07-26T16:59:51.730+0800][0.605s] GC(0)   Other: 0.6ms
[2023-07-26T16:59:51.730+0800][0.605s] GC(0) Eden regions: 58->0(1011)
[2023-07-26T16:59:51.730+0800][0.605s] GC(0) Survivor regions: 0->13(128)
[2023-07-26T16:59:51.730+0800][0.605s] GC(0) Old regions: 0->0
[2023-07-26T16:59:51.730+0800][0.605s] GC(0) Archive regions: 0->0
[2023-07-26T16:59:51.730+0800][0.605s] GC(0) Humongous regions: 4->2
[2023-07-26T16:59:51.730+0800][0.605s] GC(0) Metaspace: 21206K(21504K)->21206K(21504K) NonClass: 18883K(19072K)->18883K(19072K) Class: 2322K(2432K)->2322K(2432K)
[2023-07-26T16:59:51.730+0800][0.605s] GC(0) Pause Young (Concurrent Start) (Metadata GC Threshold) 62M->14M(2048M) 5.141ms
[2023-07-26T16:59:51.730+0800][0.605s] GC(0) User=0.02s Sys=0.02s Real=0.01s
[2023-07-26T16:59:51.730+0800][0.605s] GC(1) Concurrent Mark Cycle
[2023-07-26T16:59:51.730+0800][0.605s] GC(1) Concurrent Clear Claimed Marks
[2023-07-26T16:59:51.730+0800][0.605s] GC(1) Concurrent Clear Claimed Marks 0.015ms
[2023-07-26T16:59:51.730+0800][0.605s] GC(1) Concurrent Scan Root Regions
[2023-07-26T16:59:51.731+0800][0.606s] GC(1) Concurrent Scan Root Regions 0.763ms
[2023-07-26T16:59:51.731+0800][0.606s] GC(1) Concurrent Mark
[2023-07-26T16:59:51.731+0800][0.606s] GC(1) Concurrent Mark From Roots
[2023-07-26T16:59:51.732+0800][0.606s] GC(1) Using 32 workers of 32 for marking
[2023-07-26T16:59:51.733+0800][0.607s] GC(1) Concurrent Mark From Roots 1.264ms
[2023-07-26T16:59:51.733+0800][0.607s] GC(1) Concurrent Preclean
[2023-07-26T16:59:51.733+0800][0.607s] GC(1) Concurrent Preclean 0.034ms
[2023-07-26T16:59:51.733+0800][0.607s] GC(1) Pause Remark
[2023-07-26T16:59:51.734+0800][0.608s] GC(1) Pause Remark 15M->15M(2048M) 0.802ms
[2023-07-26T16:59:51.734+0800][0.608s] GC(1) User=0.00s Sys=0.00s Real=0.00s
[2023-07-26T16:59:51.734+0800][0.608s] GC(1) Concurrent Mark 2.301ms
[2023-07-26T16:59:51.734+0800][0.608s] GC(1) Concurrent Rebuild Remembered Sets
[2023-07-26T16:59:51.734+0800][0.608s] GC(1) Concurrent Rebuild Remembered Sets 0.004ms
[2023-07-26T16:59:51.734+0800][0.608s] GC(1) Pause Cleanup
[2023-07-26T16:59:51.734+0800][0.608s] GC(1) Pause Cleanup 15M->15M(2048M) 0.010ms
[2023-07-26T16:59:51.734+0800][0.608s] GC(1) User=0.00s Sys=0.00s Real=0.00s
[2023-07-26T16:59:51.734+0800][0.608s] GC(1) Concurrent Cleanup for Next Mark
[2023-07-26T16:59:51.736+0800][0.611s] GC(1) Concurrent Cleanup for Next Mark 2.634ms
[2023-07-26T16:59:51.736+0800][0.611s] GC(1) Concurrent Mark Cycle 5.922ms
[2023-07-26T18:03:48.858+0800][3837.680s] Heap
[2023-07-26T18:03:48.859+0800][3837.681s]  garbage-first heap   total 2097152K, used 55767K [0x0000000740000000, 0x00000007c0000000)
[2023-07-26T18:03:48.859+0800][3837.681s]   region size 1024K, 53 young (54272K), 13 survivors (13312K)
[2023-07-26T18:03:48.860+0800][3837.682s]  Metaspace       used 27467K, committed 27776K, reserved 1114112K
[2023-07-26T18:03:48.860+0800][3837.682s]   class space    used 3069K, committed 3200K, reserved 1048576K
