[2023-07-26T17:09:52.665+0800][0.002s] Using G1
[2023-07-26T17:09:52.667+0800][0.005s] Version: 17.0.7+7-b1000.6 (release)
[2023-07-26T17:09:52.668+0800][0.005s] CPUs: 10 total, 10 available
[2023-07-26T17:09:52.668+0800][0.005s] Memory: 32768M
[2023-07-26T17:09:52.668+0800][0.005s] Large Page Support: Disabled
[2023-07-26T17:09:52.668+0800][0.005s] NUMA Support: Disabled
[2023-07-26T17:09:52.668+0800][0.005s] Compressed Oops: Enabled (Zero based)
[2023-07-26T17:09:52.668+0800][0.005s] Heap Region Size: 1M
[2023-07-26T17:09:52.668+0800][0.005s] Heap Min Capacity: 2G
[2023-07-26T17:09:52.668+0800][0.005s] Heap Initial Capacity: 2G
[2023-07-26T17:09:52.668+0800][0.005s] Heap Max Capacity: 2G
[2023-07-26T17:09:52.668+0800][0.005s] Pre-touch: Disabled
[2023-07-26T17:09:52.668+0800][0.005s] Parallel Workers: 32
[2023-07-26T17:09:52.668+0800][0.005s] Concurrent Workers: 32
[2023-07-26T17:09:52.668+0800][0.005s] Concurrent Refinement Workers: 32
[2023-07-26T17:09:52.668+0800][0.005s] Periodic GC: Disabled
[2023-07-26T17:09:52.668+0800][0.005s] Compressed class space mapped at: 0x0000000300000000-0x0000000340000000, reserved size: 1073741824
[2023-07-26T17:09:52.668+0800][0.005s] Narrow klass base: 0x0000000000000000, Narrow klass shift: 3, Narrow klass range: 0x340000000
[2023-07-26T17:09:53.087+0800][0.425s] GC(0) Pause Young (Concurrent Start) (Metadata GC Threshold)
[2023-07-26T17:09:53.088+0800][0.425s] GC(0) Using 32 workers of 32 for evacuation
[2023-07-26T17:09:53.092+0800][0.429s] GC(0)   Pre Evacuate Collection Set: 0.6ms
[2023-07-26T17:09:53.092+0800][0.429s] GC(0)   Merge Heap Roots: 0.1ms
[2023-07-26T17:09:53.092+0800][0.429s] GC(0)   Evacuate Collection Set: 2.8ms
[2023-07-26T17:09:53.092+0800][0.429s] GC(0)   Post Evacuate Collection Set: 0.5ms
[2023-07-26T17:09:53.092+0800][0.429s] GC(0)   Other: 0.7ms
[2023-07-26T17:09:53.092+0800][0.429s] GC(0) Eden regions: 58->0(1011)
[2023-07-26T17:09:53.092+0800][0.429s] GC(0) Survivor regions: 0->13(128)
[2023-07-26T17:09:53.092+0800][0.429s] GC(0) Old regions: 0->0
[2023-07-26T17:09:53.092+0800][0.429s] GC(0) Archive regions: 0->0
[2023-07-26T17:09:53.092+0800][0.429s] GC(0) Humongous regions: 4->2
[2023-07-26T17:09:53.092+0800][0.429s] GC(0) Metaspace: 21162K(21504K)->21162K(21504K) NonClass: 18837K(19072K)->18837K(19072K) Class: 2325K(2432K)->2325K(2432K)
[2023-07-26T17:09:53.092+0800][0.429s] GC(0) Pause Young (Concurrent Start) (Metadata GC Threshold) 61M->14M(2048M) 4.883ms
[2023-07-26T17:09:53.092+0800][0.429s] GC(0) User=0.02s Sys=0.01s Real=0.01s
[2023-07-26T17:09:53.092+0800][0.429s] GC(1) Concurrent Mark Cycle
[2023-07-26T17:09:53.092+0800][0.429s] GC(1) Concurrent Clear Claimed Marks
[2023-07-26T17:09:53.092+0800][0.429s] GC(1) Concurrent Clear Claimed Marks 0.010ms
[2023-07-26T17:09:53.092+0800][0.429s] GC(1) Concurrent Scan Root Regions
[2023-07-26T17:09:53.093+0800][0.430s] GC(1) Concurrent Scan Root Regions 0.784ms
[2023-07-26T17:09:53.093+0800][0.430s] GC(1) Concurrent Mark
[2023-07-26T17:09:53.093+0800][0.430s] GC(1) Concurrent Mark From Roots
[2023-07-26T17:09:53.094+0800][0.431s] GC(1) Using 32 workers of 32 for marking
[2023-07-26T17:09:53.094+0800][0.432s] GC(1) Concurrent Mark From Roots 1.229ms
[2023-07-26T17:09:53.094+0800][0.432s] GC(1) Concurrent Preclean
[2023-07-26T17:09:53.094+0800][0.432s] GC(1) Concurrent Preclean 0.035ms
[2023-07-26T17:09:53.095+0800][0.432s] GC(1) Pause Remark
[2023-07-26T17:09:53.096+0800][0.433s] GC(1) Pause Remark 15M->15M(2048M) 0.906ms
[2023-07-26T17:09:53.096+0800][0.433s] GC(1) User=0.00s Sys=0.00s Real=0.00s
[2023-07-26T17:09:53.096+0800][0.433s] GC(1) Concurrent Mark 2.383ms
[2023-07-26T17:09:53.096+0800][0.433s] GC(1) Concurrent Rebuild Remembered Sets
[2023-07-26T17:09:53.096+0800][0.433s] GC(1) Concurrent Rebuild Remembered Sets 0.005ms
[2023-07-26T17:09:53.096+0800][0.433s] GC(1) Pause Cleanup
[2023-07-26T17:09:53.096+0800][0.433s] GC(1) Pause Cleanup 15M->15M(2048M) 0.010ms
[2023-07-26T17:09:53.096+0800][0.433s] GC(1) User=0.00s Sys=0.00s Real=0.00s
[2023-07-26T17:09:53.096+0800][0.433s] GC(1) Concurrent Cleanup for Next Mark
[2023-07-26T17:09:53.099+0800][0.436s] GC(1) Concurrent Cleanup for Next Mark 3.032ms
[2023-07-26T17:09:53.099+0800][0.436s] GC(1) Concurrent Mark Cycle 6.453ms
[2023-07-26T17:09:53.899+0800][1.236s] Heap
[2023-07-26T17:09:53.899+0800][1.236s]  garbage-first heap   total 2097152K, used 65230K [0x0000000740000000, 0x00000007c0000000)
[2023-07-26T17:09:53.899+0800][1.236s]   region size 1024K, 63 young (64512K), 13 survivors (13312K)
[2023-07-26T17:09:53.899+0800][1.236s]  Metaspace       used 32732K, committed 33152K, reserved 1114112K
[2023-07-26T17:09:53.899+0800][1.236s]   class space    used 3800K, committed 3968K, reserved 1048576K
